This Month Waste
$0.00

Waste % of Total Spend
0.0%

Projected Month-End Waste
$0.00 proj.

This Week Waste
$0.00

Top Waste Causes
                        $0.00  context_avalanche

Daily Waste Trend (30-day)
 │                                                                              
 │                                                                              
1│                                                                              
 │                                                                              
 │                                                                              
 │                                                                              
 │                                                                              
 │⡀                                                                             
0└──────────────────────────────────────────────────────────────────────────────
 '26 04/01   04/03   04/05   04/07   04/09   04/11   04/13   04/15   04/17      